// Jest Snapshot v1, https://goo.gl/fbAQLP

exports[`Home Page With Books renders books 1`] = `
<div
  className="books"
>
  <div
    className="book"
  >
    <div
      className="book-src"
    >
      <img
        src="https://picsum.photos/200/300?random=1"
      />
    </div>
    <div
      className="book-title"
      onClick={[Function]}
    >
      <a
        href="/book"
        onClick={[Function]}
      >
        sunt aut facere repellat provident occaecati excepturi optio reprehenderit
      </a>
    </div>
    <div
      className="book-description"
    >
      quia et suscipit
suscipit recusandae consequuntur expedita et cum
reprehenderit molestiae ut ut quas totam
nostrum rerum est autem sunt rem eveniet architecto
    </div>
    <div
      className="book-buy-button"
    >
      Buy Now
    </div>
  </div>
</div>
`;
